Archive member included to satisfy reference by file (symbol)

c:/st/stm32cubeide_1.5.0/stm32cubeide/plugins/com.st.stm32cube.ide.mcu.externaltools.gnu-tools-for-stm32.9-2020-q2-update.win32_1.5.0.202011040924/tools/bin/../lib/gcc/arm-none-eabi/9.3.1/../../../../arm-none-eabi/lib/thumb/v7e-m+fp/hard\libc_nano.a(lib_a-errno.o)
                              Core/Src/syscalls.o (__errno)
c:/st/stm32cubeide_1.5.0/stm32cubeide/plugins/com.st.stm32cube.ide.mcu.externaltools.gnu-tools-for-stm32.9-2020-q2-update.win32_1.5.0.202011040924/tools/bin/../lib/gcc/arm-none-eabi/9.3.1/../../../../arm-none-eabi/lib/thumb/v7e-m+fp/hard\libc_nano.a(lib_a-exit.o)
                              c:/st/stm32cubeide_1.5.0/stm32cubeide/plugins/com.st.stm32cube.ide.mcu.externaltools.gnu-tools-for-stm32.9-2020-q2-update.win32_1.5.0.202011040924/tools/bin/../lib/gcc/arm-none-eabi/9.3.1/../../../../arm-none-eabi/lib/thumb/v7e-m+fp/hard/crt0.o (exit)
c:/st/stm32cubeide_1.5.0/stm32cubeide/plugins/com.st.stm32cube.ide.mcu.externaltools.gnu-tools-for-stm32.9-2020-q2-update.win32_1.5.0.202011040924/tools/bin/../lib/gcc/arm-none-eabi/9.3.1/../../../../arm-none-eabi/lib/thumb/v7e-m+fp/hard\libc_nano.a(lib_a-impure.o)
                              c:/st/stm32cubeide_1.5.0/stm32cubeide/plugins/com.st.stm32cube.ide.mcu.externaltools.gnu-tools-for-stm32.9-2020-q2-update.win32_1.5.0.202011040924/tools/bin/../lib/gcc/arm-none-eabi/9.3.1/../../../../arm-none-eabi/lib/thumb/v7e-m+fp/hard\libc_nano.a(lib_a-exit.o) (_global_impure_ptr)
c:/st/stm32cubeide_1.5.0/stm32cubeide/plugins/com.st.stm32cube.ide.mcu.externaltools.gnu-tools-for-stm32.9-2020-q2-update.win32_1.5.0.202011040924/tools/bin/../lib/gcc/arm-none-eabi/9.3.1/../../../../arm-none-eabi/lib/thumb/v7e-m+fp/hard\libc_nano.a(lib_a-init.o)
                              c:/st/stm32cubeide_1.5.0/stm32cubeide/plugins/com.st.stm32cube.ide.mcu.externaltools.gnu-tools-for-stm32.9-2020-q2-update.win32_1.5.0.202011040924/tools/bin/../lib/gcc/arm-none-eabi/9.3.1/../../../../arm-none-eabi/lib/thumb/v7e-m+fp/hard/crt0.o (__libc_init_array)
c:/st/stm32cubeide_1.5.0/stm32cubeide/plugins/com.st.stm32cube.ide.mcu.externaltools.gnu-tools-for-stm32.9-2020-q2-update.win32_1.5.0.202011040924/tools/bin/../lib/gcc/arm-none-eabi/9.3.1/../../../../arm-none-eabi/lib/thumb/v7e-m+fp/hard\libc_nano.a(lib_a-memset.o)
                              c:/st/stm32cubeide_1.5.0/stm32cubeide/plugins/com.st.stm32cube.ide.mcu.externaltools.gnu-tools-for-stm32.9-2020-q2-update.win32_1.5.0.202011040924/tools/bin/../lib/gcc/arm-none-eabi/9.3.1/../../../../arm-none-eabi/lib/thumb/v7e-m+fp/hard/crt0.o (memset)
c:/st/stm32cubeide_1.5.0/stm32cubeide/plugins/com.st.stm32cube.ide.mcu.externaltools.gnu-tools-for-stm32.9-2020-q2-update.win32_1.5.0.202011040924/tools/bin/../lib/gcc/arm-none-eabi/9.3.1/../../../../arm-none-eabi/lib/thumb/v7e-m+fp/hard\libc_nano.a(lib_a-strlen.o)
                              Core/Src/main.o (strlen)
c:/st/stm32cubeide_1.5.0/stm32cubeide/plugins/com.st.stm32cube.ide.mcu.externaltools.gnu-tools-for-stm32.9-2020-q2-update.win32_1.5.0.202011040924/tools/bin/../lib/gcc/arm-none-eabi/9.3.1/../../../../arm-none-eabi/lib/thumb/v7e-m+fp/hard\libc_nano.a(lib_a-strncmp.o)
                              Core/Src/main.o (strncmp)
c:/st/stm32cubeide_1.5.0/stm32cubeide/plugins/com.st.stm32cube.ide.mcu.externaltools.gnu-tools-for-stm32.9-2020-q2-update.win32_1.5.0.202011040924/tools/bin/../lib/gcc/arm-none-eabi/9.3.1/thumb/v7e-m+fp/hard\libgcc.a(_aeabi_uldivmod.o)
                              Drivers/STM32F4xx_HAL_Driver/Src/stm32f4xx_hal_rcc.o (__aeabi_uldivmod)
c:/st/stm32cubeide_1.5.0/stm32cubeide/plugins/com.st.stm32cube.ide.mcu.externaltools.gnu-tools-for-stm32.9-2020-q2-update.win32_1.5.0.202011040924/tools/bin/../lib/gcc/arm-none-eabi/9.3.1/thumb/v7e-m+fp/hard\libgcc.a(_udivmoddi4.o)
                              c:/st/stm32cubeide_1.5.0/stm32cubeide/plugins/com.st.stm32cube.ide.mcu.externaltools.gnu-tools-for-stm32.9-2020-q2-update.win32_1.5.0.202011040924/tools/bin/../lib/gcc/arm-none-eabi/9.3.1/thumb/v7e-m+fp/hard\libgcc.a(_aeabi_uldivmod.o) (__udivmoddi4)
c:/st/stm32cubeide_1.5.0/stm32cubeide/plugins/com.st.stm32cube.ide.mcu.externaltools.gnu-tools-for-stm32.9-2020-q2-update.win32_1.5.0.202011040924/tools/bin/../lib/gcc/arm-none-eabi/9.3.1/thumb/v7e-m+fp/hard\libgcc.a(_dvmd_tls.o)
                              c:/st/stm32cubeide_1.5.0/stm32cubeide/plugins/com.st.stm32cube.ide.mcu.externaltools.gnu-tools-for-stm32.9-2020-q2-update.win32_1.5.0.202011040924/tools/bin/../lib/gcc/arm-none-eabi/9.3.1/thumb/v7e-m+fp/hard\libgcc.a(_aeabi_uldivmod.o) (__aeabi_ldiv0)

Allocating common symbols
Common symbol       size              file

ptr_to_uart_char_msg
                    0x4               Core/Src/main.o
polling_usart_buffer
                    0x1e              Core/Src/main.o
uart1_rcv_buffer    0x1               Core/Src/main.o
huart3              0x44              Core/Src/main.o
[...]
Memory Configuration

Name             Origin             Length             Attributes
RAM              0x0000000020000000 0x0000000000020000 xrw
FLASH            0x0000000008000000 0x0000000000080000 xr
*default*        0x0000000000000000 0xffffffffffffffff

Linker script and memory map

LOAD c:/st/stm32cubeide_1.5.0/stm32cubeide/plugins/com.st.stm32cube.ide.mcu.externaltools.gnu-tools-for-stm32.9-2020-q2-update.win32_1.5.0.202011040924/tools/bin/../lib/gcc/arm-none-eabi/9.3.1/thumb/v7e-m+fp/hard/crti.o
LOAD c:/st/stm32cubeide_1.5.0/stm32cubeide/plugins/com.st.stm32cube.ide.mcu.externaltools.gnu-tools-for-stm32.9-2020-q2-update.win32_1.5.0.202011040924/tools/bin/../lib/gcc/arm-none-eabi/9.3.1/thumb/v7e-m+fp/hard/crtbegin.o
LOAD c:/st/stm32cubeide_1.5.0/stm32cubeide/plugins/com.st.stm32cube.ide.mcu.externaltools.gnu-tools-for-stm32.9-2020-q2-update.win32_1.5.0.202011040924/tools/bin/../lib/gcc/arm-none-eabi/9.3.1/../../../../arm-none-eabi/lib/thumb/v7e-m+fp/hard/crt0.o
LOAD Core/Src/main.o
LOAD Core/Src/silm800l.o
LOAD Core/Src/stm32f4xx_hal_msp.o
LOAD Core/Src/stm32f4xx_it.o
LOAD Core/Src/syscalls.o
LOAD Core/Src/sysmem.o
LOAD Core/Src/system_stm32f4xx.o
LOAD Core/Startup/startup_stm32f446retx.o
LOAD Drivers/STM32F4xx_HAL_Driver/Src/stm32f4xx_hal.o
LOAD Drivers/STM32F4xx_HAL_Driver/Src/stm32f4xx_hal_cortex.o
LOAD Drivers/STM32F4xx_HAL_Driver/Src/stm32f4xx_hal_dma.o
LOAD Drivers/STM32F4xx_HAL_Driver/Src/stm32f4xx_hal_dma_ex.o
LOAD Drivers/STM32F4xx_HAL_Driver/Src/stm32f4xx_hal_exti.o
LOAD Drivers/STM32F4xx_HAL_Driver/Src/stm32f4xx_hal_flash.o
LOAD Drivers/STM32F4xx_HAL_Driver/Src/stm32f4xx_hal_flash_ex.o
LOAD Drivers/STM32F4xx_HAL_Driver/Src/stm32f4xx_hal_flash_ramfunc.o
LOAD Drivers/STM32F4xx_HAL_Driver/Src/stm32f4xx_hal_gpio.o
LOAD Drivers/STM32F4xx_HAL_Driver/Src/stm32f4xx_hal_pwr.o
LOAD Drivers/STM32F4xx_HAL_Driver/Src/stm32f4xx_hal_pwr_ex.o
LOAD Drivers/STM32F4xx_HAL_Driver/Src/stm32f4xx_hal_rcc.o
LOAD Drivers/STM32F4xx_HAL_Driver/Src/stm32f4xx_hal_rcc_ex.o
LOAD Drivers/STM32F4xx_HAL_Driver/Src/stm32f4xx_hal_tim.o
LOAD Drivers/STM32F4xx_HAL_Driver/Src/stm32f4xx_hal_tim_ex.o
LOAD Drivers/STM32F4xx_HAL_Driver/Src/stm32f4xx_hal_uart.o
START GROUP
LOAD c:/st/stm32cubeide_1.5.0/stm32cubeide/plugins/com.st.stm32cube.ide.mcu.externaltools.gnu-tools-for-stm32.9-2020-q2-update.win32_1.5.0.202011040924/tools/bin/../lib/gcc/arm-none-eabi/9.3.1/../../../../arm-none-eabi/lib/thumb/v7e-m+fp/hard\libc_nano.a
LOAD c:/st/stm32cubeide_1.5.0/stm32cubeide/plugins/com.st.stm32cube.ide.mcu.externaltools.gnu-tools-for-stm32.9-2020-q2-update.win32_1.5.0.202011040924/tools/bin/../lib/gcc/arm-none-eabi/9.3.1/../../../../arm-none-eabi/lib/thumb/v7e-m+fp/hard\libm.a
END GROUP
START GROUP
LOAD c:/st/stm32cubeide_1.5.0/stm32cubeide/plugins/com.st.stm32cube.ide.mcu.externaltools.gnu-tools-for-stm32.9-2020-q2-update.win32_1.5.0.202011040924/tools/bin/../lib/gcc/arm-none-eabi/9.3.1/thumb/v7e-m+fp/hard\libgcc.a
LOAD c:/st/stm32cubeide_1.5.0/stm32cubeide/plugins/com.st.stm32cube.ide.mcu.externaltools.gnu-tools-for-stm32.9-2020-q2-update.win32_1.5.0.202011040924/tools/bin/../lib/gcc/arm-none-eabi/9.3.1/../../../../arm-none-eabi/lib/thumb/v7e-m+fp/hard\libc_nano.a
END GROUP
START GROUP
LOAD c:/st/stm32cubeide_1.5.0/stm32cubeide/plugins/com.st.stm32cube.ide.mcu.externaltools.gnu-tools-for-stm32.9-2020-q2-update.win32_1.5.0.202011040924/tools/bin/../lib/gcc/arm-none-eabi/9.3.1/thumb/v7e-m+fp/hard\libgcc.a
LOAD c:/st/stm32cubeide_1.5.0/stm32cubeide/plugins/com.st.stm32cube.ide.mcu.externaltools.gnu-tools-for-stm32.9-2020-q2-update.win32_1.5.0.202011040924/tools/bin/../lib/gcc/arm-none-eabi/9.3.1/../../../../arm-none-eabi/lib/thumb/v7e-m+fp/hard\libc_nano.a
LOAD c:/st/stm32cubeide_1.5.0/stm32cubeide/plugins/com.st.stm32cube.ide.mcu.externaltools.gnu-tools-for-stm32.9-2020-q2-update.win32_1.5.0.202011040924/tools/bin/../lib/gcc/arm-none-eabi/9.3.1/../../../../arm-none-eabi/lib/thumb/v7e-m+fp/hard\libnosys.a
END GROUP
START GROUP
LOAD c:/st/stm32cubeide_1.5.0/stm32cubeide/plugins/com.st.stm32cube.ide.mcu.externaltools.gnu-tools-for-stm32.9-2020-q2-update.win32_1.5.0.202011040924/tools/bin/../lib/gcc/arm-none-eabi/9.3.1/thumb/v7e-m+fp/hard\libgcc.a
LOAD c:/st/stm32cubeide_1.5.0/stm32cubeide/plugins/com.st.stm32cube.ide.mcu.externaltools.gnu-tools-for-stm32.9-2020-q2-update.win32_1.5.0.202011040924/tools/bin/../lib/gcc/arm-none-eabi/9.3.1/../../../../arm-none-eabi/lib/thumb/v7e-m+fp/hard\libc_nano.a
LOAD c:/st/stm32cubeide_1.5.0/stm32cubeide/plugins/com.st.stm32cube.ide.mcu.externaltools.gnu-tools-for-stm32.9-2020-q2-update.win32_1.5.0.202011040924/tools/bin/../lib/gcc/arm-none-eabi/9.3.1/../../../../arm-none-eabi/lib/thumb/v7e-m+fp/hard\libnosys.a
END GROUP
LOAD c:/st/stm32cubeide_1.5.0/stm32cubeide/plugins/com.st.stm32cube.ide.mcu.externaltools.gnu-tools-for-stm32.9-2020-q2-update.win32_1.5.0.202011040924/tools/bin/../lib/gcc/arm-none-eabi/9.3.1/thumb/v7e-m+fp/hard/crtend.o
LOAD c:/st/stm32cubeide_1.5.0/stm32cubeide/plugins/com.st.stm32cube.ide.mcu.externaltools.gnu-tools-for-stm32.9-2020-q2-update.win32_1.5.0.202011040924/tools/bin/../lib/gcc/arm-none-eabi/9.3.1/thumb/v7e-m+fp/hard/crtn.o
                0x0000000020020000                _estack = (ORIGIN (RAM) + LENGTH (RAM))
                0x0000000000000200                _Min_Heap_Size = 0x200
                0x0000000000000400                _Min_Stack_Size = 0x400

.isr_vector     0x0000000008000000      0x1c4
                0x0000000008000000                . = ALIGN (0x4)
 *(.isr_vector)
 .isr_vector    0x0000000008000000      0x1c4 Core/Startup/startup_stm32f446retx.o
                0x0000000008000000                g_pfnVectors
                0x00000000080001c4                . = ALIGN (0x4)

.text           0x00000000080001c4     0x3de4
                0x00000000080001c4                . = ALIGN (0x4)
 *(.text)
 .text          0x00000000080001c4       0x40 c:/st/stm32cubeide_1.5.0/stm32cubeide/plugins/com.st.stm32cube.ide.mcu.externaltools.gnu-tools-for-stm32.9-2020-q2-update.win32_1.5.0.202011040924/tools/bin/../lib/gcc/arm-none-eabi/9.3.1/thumb/v7e-m+fp/hard/crtbegin.o
 .text          0x0000000008000204       0x10 c:/st/stm32cubeide_1.5.0/stm32cubeide/plugins/com.st.stm32cube.ide.mcu.externaltools.gnu-tools-for-stm32.9-2020-q2-update.win32_1.5.0.202011040924/tools/bin/../lib/gcc/arm-none-eabi/9.3.1/../../../../arm-none-eabi/lib/thumb/v7e-m+fp/hard\libc_nano.a(lib_a-strlen.o)
                0x0000000008000204                strlen
 .text          0x0000000008000214       0x30 c:/st/stm32cubeide_1.5.0/stm32cubeide/plugins/com.st.stm32cube.ide.mcu.externaltools.gnu-tools-for-stm32.9-2020-q2-update.win32_1.5.0.202011040924/tools/bin/../lib/gcc/arm-none-eabi/9.3.1/thumb/v7e-m+fp/hard\libgcc.a(_aeabi_uldivmod.o)
                0x0000000008000214                __aeabi_uldivmod
 .text          0x0000000008000244      0x2c4 c:/st/stm32cubeide_1.5.0/stm32cubeide/plugins/com.st.stm32cube.ide.mcu.externaltools.gnu-tools-for-stm32.9-2020-q2-update.win32_1.5.0.202011040924/tools/bin/../lib/gcc/arm-none-eabi/9.3.1/thumb/v7e-m+fp/hard\libgcc.a(_udivmoddi4.o)
                0x0000000008000244                __udivmoddi4
 .text          0x0000000008000508        0x4 c:/st/stm32cubeide_1.5.0/stm32cubeide/plugins/com.st.stm32cube.ide.mcu.externaltools.gnu-tools-for-stm32.9-2020-q2-update.win32_1.5.0.202011040924/tools/bin/../lib/gcc/arm-none-eabi/9.3.1/thumb/v7e-m+fp/hard\libgcc.a(_dvmd_tls.o)
                0x0000000008000508                __aeabi_idiv0
                0x0000000008000508                __aeabi_ldiv0
 *(.text*)
 .text.main     0x000000000800050c      0x128 Core/Src/main.o
                0x000000000800050c                main
 .text.SystemClock_Config
                0x0000000008000634       0xd8 Core/Src/main.o
                0x0000000008000634                SystemClock_Config
 .text.MX_TIM1_Init
                0x000000000800070c      0x140 Core/Src/main.o
 .text.MX_USART1_UART_Init
                0x000000000800084c       0x54 Core/Src/main.o
 .text.MX_USART2_UART_Init
                0x00000000080008a0       0x54 Core/Src/main.o
 .text.MX_GPIO_Init
                0x00000000080008f4       0xe0 Core/Src/main.o
 .text.HAL_UART_RxCpltCallback
                0x00000000080009d4      0x124 Core/Src/main.o
                0x00000000080009d4                HAL_UART_RxCpltCallback
 .text.HAL_GPIO_EXTI_Callback
                0x0000000008000af8       0x24 Core/Src/main.o
                0x0000000008000af8                HAL_GPIO_EXTI_Callback
 .text.HAL_UART_TxCpltCallback
                0x0000000008000b1c       0x70 Core/Src/main.o
                0x0000000008000b1c                HAL_UART_TxCpltCallback
 .text.MX_USART3_UART_Init
                0x0000000008000b8c       0x54 Core/Src/main.o
 .text.PARSE_MESSAGE
                0x0000000008000be0       0x6c Core/Src/main.o
                0x0000000008000be0                PARSE_MESSAGE
 .text.Error_Handler
                0x0000000008000c4c        0xa Core/Src/main.o
                0x0000000008000c4c                Error_Handler
 *fill*         0x0000000008000c56        0x2 
 .text.check_module_info
                0x0000000008000c58       0x30 Core/Src/silm800l.o
                0x0000000008000c58                check_module_info
 .text.set_text_mode
                0x0000000008000c88       0x30 Core/Src/silm800l.o
                0x0000000008000c88                set_text_mode
 .text.sms_send
                0x0000000008000cb8       0x8c Core/Src/silm800l.o
                0x0000000008000cb8                sms_send
 .text.check_sms_sending_format
                0x0000000008000d44       0x30 Core/Src/silm800l.o
                0x0000000008000d44                check_sms_sending_format
 .text.set_sms_send_format
                0x0000000008000d74       0x30 Core/Src/silm800l.o
                0x0000000008000d74                set_sms_send_format
 .text.EnorDi_command_echo
                0x0000000008000da4       0x54 Core/Src/silm800l.o
                0x0000000008000da4                EnorDi_command_echo
 .text.HAL_MspInit
                0x0000000008000df8       0x50 Core/Src/stm32f4xx_hal_msp.o
                0x0000000008000df8                HAL_MspInit
 .text.HAL_TIM_Base_MspInit
                0x0000000008000e48       0x44 Core/Src/stm32f4xx_hal_msp.o
                0x0000000008000e48                HAL_TIM_Base_MspInit
 .text.HAL_TIM_MspPostInit
                0x0000000008000e8c       0x74 Core/Src/stm32f4xx_hal_msp.o
                0x0000000008000e8c                HAL_TIM_MspPostInit
 .text.HAL_UART_MspInit
                0x0000000008000f00      0x194 Core/Src/stm32f4xx_hal_msp.o
                0x0000000008000f00                HAL_UART_MspInit
 .text.NMI_Handler
                0x0000000008001094        0x6 Core/Src/stm32f4xx_it.o
                0x0000000008001094                NMI_Handler
 .text.HardFault_Handler
                0x000000000800109a        0x6 Core/Src/stm32f4xx_it.o
                0x000000000800109a                HardFault_Handler
 .text.MemManage_Handler
                0x00000000080010a0        0x6 Core/Src/stm32f4xx_it.o
                0x00000000080010a0                MemManage_Handler
 .text.BusFault_Handler
                0x00000000080010a6        0x6 Core/Src/stm32f4xx_it.o
                0x00000000080010a6                BusFault_Handler
 .text.UsageFault_Handler
                0x00000000080010ac        0x6 Core/Src/stm32f4xx_it.o
                0x00000000080010ac                UsageFault_Handler
 .text.SVC_Handler
                0x00000000080010b2        0xe Core/Src/stm32f4xx_it.o
                0x00000000080010b2                SVC_Handler
 .text.DebugMon_Handler
                0x00000000080010c0        0xe Core/Src/stm32f4xx_it.o
                0x00000000080010c0                DebugMon_Handler
 .text.PendSV_Handler
                0x00000000080010ce        0xe Core/Src/stm32f4xx_it.o
                0x00000000080010ce                PendSV_Handler
 .text.SysTick_Handler
                0x00000000080010dc        0xc Core/Src/stm32f4xx_it.o
                0x00000000080010dc                SysTick_Handler
 .text.USART1_IRQHandler
                0x00000000080010e8       0x14 Core/Src/stm32f4xx_it.o
                0x00000000080010e8                USART1_IRQHandler
 .text.USART2_IRQHandler
                0x00000000080010fc       0x14 Core/Src/stm32f4xx_it.o
                0x00000000080010fc                USART2_IRQHandler
 .text.EXTI15_10_IRQHandler
                0x0000000008001110       0x10 Core/Src/stm32f4xx_it.o
                0x0000000008001110                EXTI15_10_IRQHandler
 .text.USART3_IRQHandler
                0x0000000008001120       0x14 Core/Src/stm32f4xx_it.o
                0x0000000008001120                USART3_IRQHandler
 .text.SystemInit
                0x0000000008001134       0x24 Core/Src/system_stm32f4xx.o
                0x0000000008001134                SystemInit
 .text.Reset_Handler
                0x0000000008001158       0x50 Core/Startup/startup_stm32f446retx.o
                0x0000000008001158                Reset_Handler
 .text.Default_Handler
                0x00000000080011a8        0x2 Core/Startup/startup_stm32f446retx.o
                0x00000000080011a8                RTC_Alarm_IRQHandler
                0x00000000080011a8                EXTI2_IRQHandler
                0x00000000080011a8                TIM8_CC_IRQHandler
                0x00000000080011a8                FMPI2C1_EV_IRQHandler
                0x00000000080011a8                SPI4_IRQHandler
                0x00000000080011a8                TIM1_CC_IRQHandler
                0x00000000080011a8                DMA2_Stream5_IRQHandler
                0x00000000080011a8                DMA1_Stream5_IRQHandler
                0x00000000080011a8                PVD_IRQHandler
                0x00000000080011a8                SDIO_IRQHandler
                0x00000000080011a8                TAMP_STAMP_IRQHandler
                0x00000000080011a8                CAN2_RX1_IRQHandler
                0x00000000080011a8                EXTI3_IRQHandler
                0x00000000080011a8                TIM8_TRG_COM_TIM14_IRQHandler
                0x00000000080011a8                TIM1_UP_TIM10_IRQHandler
                0x00000000080011a8                TIM8_UP_TIM13_IRQHandler
                0x00000000080011a8                I2C3_ER_IRQHandler
                0x00000000080011a8                EXTI0_IRQHandler
                0x00000000080011a8                I2C2_EV_IRQHandler
                0x00000000080011a8                DMA1_Stream2_IRQHandler
                0x00000000080011a8                CAN1_RX0_IRQHandler
                0x00000000080011a8                FPU_IRQHandler
                0x00000000080011a8                OTG_HS_WKUP_IRQHandler
                0x00000000080011a8                CAN2_SCE_IRQHandler
                0x00000000080011a8                DMA2_Stream2_IRQHandler
                0x00000000080011a8                SPI1_IRQHandler
                0x00000000080011a8                TIM6_DAC_IRQHandler
                0x00000000080011a8                TIM1_BRK_TIM9_IRQHandler
                0x00000000080011a8                DCMI_IRQHandler
                0x00000000080011a8                CAN2_RX0_IRQHandler
                0x00000000080011a8                DMA2_Stream3_IRQHandler
                0x00000000080011a8                SAI2_IRQHandler
                0x00000000080011a8                USART6_IRQHandler
                0x00000000080011a8                CAN1_RX1_IRQHandler
                0x00000000080011a8                UART5_IRQHandler
                0x00000000080011a8                DMA2_Stream0_IRQHandler
                0x00000000080011a8                TIM4_IRQHandler
                0x00000000080011a8                QUADSPI_IRQHandler
                0x00000000080011a8                I2C1_EV_IRQHandler
                0x00000000080011a8                DMA1_Stream6_IRQHandler
                0x00000000080011a8                DMA1_Stream1_IRQHandler
                0x00000000080011a8                UART4_IRQHandler
                0x00000000080011a8                TIM3_IRQHandler
                0x00000000080011a8                RCC_IRQHandler
                0x00000000080011a8                TIM8_BRK_TIM12_IRQHandler
                0x00000000080011a8                Default_Handler
                0x00000000080011a8                CEC_IRQHandler
                0x00000000080011a8                ADC_IRQHandler
                0x00000000080011a8                DMA1_Stream7_IRQHandler
                0x00000000080011a8                TIM7_IRQHandler
                0x00000000080011a8                CAN2_TX_IRQHandler
                0x00000000080011a8                TIM5_IRQHandler
                0x00000000080011a8                DMA2_Stream7_IRQHandler
                0x00000000080011a8                I2C3_EV_IRQHandler
                0x00000000080011a8                EXTI9_5_IRQHandler
                0x00000000080011a8                RTC_WKUP_IRQHandler
                0x00000000080011a8                SPDIF_RX_IRQHandler
                0x00000000080011a8                SPI2_IRQHandler
                0x00000000080011a8                OTG_HS_EP1_IN_IRQHandler
                0x00000000080011a8                DMA1_Stream0_IRQHandler
                0x00000000080011a8                CAN1_TX_IRQHandler
                0x00000000080011a8                FMPI2C1_ER_IRQHandler
                0x00000000080011a8                EXTI4_IRQHandler
                0x00000000080011a8                OTG_HS_EP1_OUT_IRQHandler
                0x00000000080011a8                WWDG_IRQHandler
                0x00000000080011a8                TIM2_IRQHandler
                0x00000000080011a8                OTG_FS_WKUP_IRQHandler
                0x00000000080011a8                TIM1_TRG_COM_TIM11_IRQHandler
                0x00000000080011a8                OTG_HS_IRQHandler
                0x00000000080011a8                EXTI1_IRQHandler
                0x00000000080011a8                I2C2_ER_IRQHandler
                0x00000000080011a8                DMA2_Stream1_IRQHandler
                0x00000000080011a8                CAN1_SCE_IRQHandler
                0x00000000080011a8                FLASH_IRQHandler
                0x00000000080011a8                DMA2_Stream4_IRQHandler
                0x00000000080011a8                OTG_FS_IRQHandler
                0x00000000080011a8                SPI3_IRQHandler
                0x00000000080011a8                DMA1_Stream4_IRQHandler
                0x00000000080011a8                I2C1_ER_IRQHandler
                0x00000000080011a8                FMC_IRQHandler
                0x00000000080011a8                DMA2_Stream6_IRQHandler
                0x00000000080011a8                SAI1_IRQHandler
                0x00000000080011a8                DMA1_Stream3_IRQHandler
 *fill*         0x00000000080011aa        0x2 
 .text.HAL_Init
                0x00000000080011ac       0x44 Drivers/STM32F4xx_HAL_Driver/Src/stm32f4xx_hal.o
                0x00000000080011ac                HAL_Init
 .text.HAL_InitTick
                0x00000000080011f0       0x60 Drivers/STM32F4xx_HAL_Driver/Src/stm32f4xx_hal.o
                0x00000000080011f0                HAL_InitTick
 .text.HAL_IncTick
                0x0000000008001250       0x28 Drivers/STM32F4xx_HAL_Driver/Src/stm32f4xx_hal.o
                0x0000000008001250                HAL_IncTick
 .text.HAL_GetTick
                0x0000000008001278       0x18 Drivers/STM32F4xx_HAL_Driver/Src/stm32f4xx_hal.o
                0x0000000008001278                HAL_GetTick
 .text.HAL_Delay
                0x0000000008001290       0x48 Drivers/STM32F4xx_HAL_Driver/Src/stm32f4xx_hal.o
                0x0000000008001290                HAL_Delay
 .text.__NVIC_SetPriorityGrouping
                0x00000000080012d8       0x48 Drivers/STM32F4xx_HAL_Driver/Src/stm32f4xx_hal_cortex.o
 .text.__NVIC_GetPriorityGrouping
                0x0000000008001320       0x1c Drivers/STM32F4xx_HAL_Driver/Src/stm32f4xx_hal_cortex.o
 .text.__NVIC_EnableIRQ
                0x000000000800133c       0x3c Drivers/STM32F4xx_HAL_Driver/Src/stm32f4xx_hal_cortex.o
 .text.__NVIC_SetPriority
                0x0000000008001378       0x54 Drivers/STM32F4xx_HAL_Driver/Src/stm32f4xx_hal_cortex.o
 .text.NVIC_EncodePriority
                0x00000000080013cc       0x66 Drivers/STM32F4xx_HAL_Driver/Src/stm32f4xx_hal_cortex.o
 *fill*         0x0000000008001432        0x2 
 .text.SysTick_Config
                0x0000000008001434       0x44 Drivers/STM32F4xx_HAL_Driver/Src/stm32f4xx_hal_cortex.o
 .text.HAL_NVIC_SetPriorityGrouping
                0x0000000008001478       0x16 Drivers/STM32F4xx_HAL_Driver/Src/stm32f4xx_hal_cortex.o
                0x0000000008001478                HAL_NVIC_SetPriorityGrouping
 .text.HAL_NVIC_SetPriority
                0x000000000800148e       0x38 Drivers/STM32F4xx_HAL_Driver/Src/stm32f4xx_hal_cortex.o
                0x000000000800148e                HAL_NVIC_SetPriority
 .text.HAL_NVIC_EnableIRQ
                0x00000000080014c6       0x1c Drivers/STM32F4xx_HAL_Driver/Src/stm32f4xx_hal_cortex.o
                0x00000000080014c6                HAL_NVIC_EnableIRQ
 .text.HAL_SYSTICK_Config
                0x00000000080014e2       0x18 Drivers/STM32F4xx_HAL_Driver/Src/stm32f4xx_hal_cortex.o
                0x00000000080014e2                HAL_SYSTICK_Config
 .text.HAL_DMA_Abort
                0x00000000080014fa       0xe0 Drivers/STM32F4xx_HAL_Driver/Src/stm32f4xx_hal_dma.o
                0x00000000080014fa                HAL_DMA_Abort
 .text.HAL_DMA_Abort_IT
                0x00000000080015da       0x44 Drivers/STM32F4xx_HAL_Driver/Src/stm32f4xx_hal_dma.o
                0x00000000080015da                HAL_DMA_Abort_IT
 *fill*         0x000000000800161e        0x2 
 .text.HAL_GPIO_Init
                0x0000000008001620      0x328 Drivers/STM32F4xx_HAL_Driver/Src/stm32f4xx_hal_gpio.o
                0x0000000008001620                HAL_GPIO_Init
 .text.HAL_GPIO_WritePin
                0x0000000008001948       0x32 Drivers/STM32F4xx_HAL_Driver/Src/stm32f4xx_hal_gpio.o
                0x0000000008001948                HAL_GPIO_WritePin
 .text.HAL_GPIO_TogglePin
                0x000000000800197a       0x34 Drivers/STM32F4xx_HAL_Driver/Src/stm32f4xx_hal_gpio.o
                0x000000000800197a                HAL_GPIO_TogglePin
 *fill*         0x00000000080019ae        0x2 
 .text.HAL_GPIO_EXTI_IRQHandler
                0x00000000080019b0       0x30 Drivers/STM32F4xx_HAL_Driver/Src/stm32f4xx_hal_gpio.o
                0x00000000080019b0                HAL_GPIO_EXTI_IRQHandler
 .text.HAL_RCC_ClockConfig
                0x00000000080019e0      0x1cc Drivers/STM32F4xx_HAL_Driver/Src/stm32f4xx_hal_rcc.o
                0x00000000080019e0                HAL_RCC_ClockConfig
 .text.HAL_RCC_GetHCLKFreq
                0x0000000008001bac       0x18 Drivers/STM32F4xx_HAL_Driver/Src/stm32f4xx_hal_rcc.o
                0x0000000008001bac                HAL_RCC_GetHCLKFreq
 .text.HAL_RCC_GetPCLK1Freq
                0x0000000008001bc4       0x28 Drivers/STM32F4xx_HAL_Driver/Src/stm32f4xx_hal_rcc.o
                0x0000000008001bc4                HAL_RCC_GetPCLK1Freq
 .text.HAL_RCC_GetPCLK2Freq
                0x0000000008001bec       0x28 Drivers/STM32F4xx_HAL_Driver/Src/stm32f4xx_hal_rcc.o
                0x0000000008001bec                HAL_RCC_GetPCLK2Freq
 .text.HAL_RCC_GetSysClockFreq
                0x0000000008001c14      0x2b8 Drivers/STM32F4xx_HAL_Driver/Src/stm32f4xx_hal_rcc_ex.o
                0x0000000008001c14                HAL_RCC_GetSysClockFreq
 .text.HAL_RCC_OscConfig
                0x0000000008001ecc      0x53c Drivers/STM32F4xx_HAL_Driver/Src/stm32f4xx_hal_rcc_ex.o
                0x0000000008001ecc                HAL_RCC_OscConfig
 .text.HAL_TIM_Base_Init
                0x0000000008002408       0x9e Drivers/STM32F4xx_HAL_Driver/Src/stm32f4xx_hal_tim.o
                0x0000000008002408                HAL_TIM_Base_Init
 .text.HAL_TIM_OC_Init
                0x00000000080024a6       0x9e Drivers/STM32F4xx_HAL_Driver/Src/stm32f4xx_hal_tim.o
                0x00000000080024a6                HAL_TIM_OC_Init
 .text.HAL_TIM_OC_MspInit
                0x0000000008002544       0x14 Drivers/STM32F4xx_HAL_Driver/Src/stm32f4xx_hal_tim.o
                0x0000000008002544                HAL_TIM_OC_MspInit
 .text.HAL_TIM_OC_ConfigChannel
                0x0000000008002558       0xb8 Drivers/STM32F4xx_HAL_Driver/Src/stm32f4xx_hal_tim.o
                0x0000000008002558                HAL_TIM_OC_ConfigChannel
 .text.HAL_TIM_ConfigClockSource
                0x0000000008002610      0x18e Drivers/STM32F4xx_HAL_Driver/Src/stm32f4xx_hal_tim.o
                0x0000000008002610                HAL_TIM_ConfigClockSource
 *fill*         0x000000000800279e        0x2 
 .text.TIM_Base_SetConfig
                0x00000000080027a0      0x140 Drivers/STM32F4xx_HAL_Driver/Src/stm32f4xx_hal_tim.o
                0x00000000080027a0                TIM_Base_SetConfig
 .text.TIM_OC1_SetConfig
                0x00000000080028e0       0xe0 Drivers/STM32F4xx_HAL_Driver/Src/stm32f4xx_hal_tim.o
 .text.TIM_OC2_SetConfig
                0x00000000080029c0       0xec Drivers/STM32F4xx_HAL_Driver/Src/stm32f4xx_hal_tim.o
                0x00000000080029c0                TIM_OC2_SetConfig
 .text.TIM_OC3_SetConfig
                0x0000000008002aac       0xe8 Drivers/STM32F4xx_HAL_Driver/Src/stm32f4xx_hal_tim.o
 .text.TIM_OC4_SetConfig
                0x0000000008002b94       0xac Drivers/STM32F4xx_HAL_Driver/Src/stm32f4xx_hal_tim.o
 .text.TIM_TI1_ConfigInputStage
                0x0000000008002c40       0x5e Drivers/STM32F4xx_HAL_Driver/Src/stm32f4xx_hal_tim.o
 .text.TIM_TI2_ConfigInputStage
                0x0000000008002c9e       0x60 Drivers/STM32F4xx_HAL_Driver/Src/stm32f4xx_hal_tim.o
 .text.TIM_ITRx_SetConfig
                0x0000000008002cfe       0x36 Drivers/STM32F4xx_HAL_Driver/Src/stm32f4xx_hal_tim.o
 .text.TIM_ETR_SetConfig
                0x0000000008002d34       0x40 Drivers/STM32F4xx_HAL_Driver/Src/stm32f4xx_hal_tim.o
                0x0000000008002d34                TIM_ETR_SetConfig
 .text.HAL_TIMEx_MasterConfigSynchronization
                0x0000000008002d74       0xf8 Drivers/STM32F4xx_HAL_Driver/Src/stm32f4xx_hal_tim_ex.o
                0x0000000008002d74                HAL_TIMEx_MasterConfigSynchronization
 .text.HAL_TIMEx_ConfigBreakDeadTime
                0x0000000008002e6c       0xa4 Drivers/STM32F4xx_HAL_Driver/Src/stm32f4xx_hal_tim_ex.o
                0x0000000008002e6c                HAL_TIMEx_ConfigBreakDeadTime
 .text.HAL_UART_Init
                0x0000000008002f10       0x9a Drivers/STM32F4xx_HAL_Driver/Src/stm32f4xx_hal_uart.o
                0x0000000008002f10                HAL_UART_Init
 .text.HAL_UART_Transmit
                0x0000000008002faa      0x124 Drivers/STM32F4xx_HAL_Driver/Src/stm32f4xx_hal_uart.o
                0x0000000008002faa                HAL_UART_Transmit
 .text.HAL_UART_Transmit_IT
                0x00000000080030ce       0x8a Drivers/STM32F4xx_HAL_Driver/Src/stm32f4xx_hal_uart.o
                0x00000000080030ce                HAL_UART_Transmit_IT
 .text.HAL_UART_Receive_IT
                0x0000000008003158       0x60 Drivers/STM32F4xx_HAL_Driver/Src/stm32f4xx_hal_uart.o
                0x0000000008003158                HAL_UART_Receive_IT
 .text.HAL_UART_IRQHandler
                0x00000000080031b8      0x51c Drivers/STM32F4xx_HAL_Driver/Src/stm32f4xx_hal_uart.o
                0x00000000080031b8                HAL_UART_IRQHandler
 .text.HAL_UART_ErrorCallback
                0x00000000080036d4       0x14 Drivers/STM32F4xx_HAL_Driver/Src/stm32f4xx_hal_uart.o
                0x00000000080036d4                HAL_UART_ErrorCallback
 .text.HAL_UARTEx_RxEventCallback
                0x00000000080036e8       0x18 Drivers/STM32F4xx_HAL_Driver/Src/stm32f4xx_hal_uart.o
                0x00000000080036e8                HAL_UARTEx_RxEventCallback
 .text.UART_WaitOnFlagUntilTimeout
                0x0000000008003700       0xdc Drivers/STM32F4xx_HAL_Driver/Src/stm32f4xx_hal_uart.o
 .text.UART_Start_Receive_IT
                0x00000000080037dc       0x74 Drivers/STM32F4xx_HAL_Driver/Src/stm32f4xx_hal_uart.o
                0x00000000080037dc                UART_Start_Receive_IT
 .text.UART_EndRxTransfer
                0x0000000008003850       0xc6 Drivers/STM32F4xx_HAL_Driver/Src/stm32f4xx_hal_uart.o
 .text.UART_DMAAbortOnError
                0x0000000008003916       0x28 Drivers/STM32F4xx_HAL_Driver/Src/stm32f4xx_hal_uart.o
 .text.UART_Transmit_IT
                0x000000000800393e       0xa0 Drivers/STM32F4xx_HAL_Driver/Src/stm32f4xx_hal_uart.o
 .text.UART_EndTransmit_IT
                0x00000000080039de       0x30 Drivers/STM32F4xx_HAL_Driver/Src/stm32f4xx_hal_uart.o
 .text.UART_Receive_IT
                0x0000000008003a0e      0x176 Drivers/STM32F4xx_HAL_Driver/Src/stm32f4xx_hal_uart.o
 .text.UART_SetConfig
                0x0000000008003b84      0x390 Drivers/STM32F4xx_HAL_Driver/Src/stm32f4xx_hal_uart.o
 .text.__libc_init_array
                0x0000000008003f14       0x48 c:/st/stm32cubeide_1.5.0/stm32cubeide/plugins/com.st.stm32cube.ide.mcu.externaltools.gnu-tools-for-stm32.9-2020-q2-update.win32_1.5.0.202011040924/tools/bin/../lib/gcc/arm-none-eabi/9.3.1/../../../../arm-none-eabi/lib/thumb/v7e-m+fp/hard\libc_nano.a(lib_a-init.o)
                0x0000000008003f14                __libc_init_array
 .text.memset   0x0000000008003f5c       0x10 c:/st/stm32cubeide_1.5.0/stm32cubeide/plugins/com.st.stm32cube.ide.mcu.externaltools.gnu-tools-for-stm32.9-2020-q2-update.win32_1.5.0.202011040924/tools/bin/../lib/gcc/arm-none-eabi/9.3.1/../../../../arm-none-eabi/lib/thumb/v7e-m+fp/hard\libc_nano.a(lib_a-memset.o)
                0x0000000008003f5c                memset
 .text.strncmp  0x0000000008003f6c       0x24 c:/st/stm32cubeide_1.5.0/stm32cubeide/plugins/com.st.stm32cube.ide.mcu.externaltools.gnu-tools-for-stm32.9-2020-q2-update.win32_1.5.0.202011040924/tools/bin/../lib/gcc/arm-none-eabi/9.3.1/../../../../arm-none-eabi/lib/thumb/v7e-m+fp/hard\libc_nano.a(lib_a-strncmp.o)
                0x0000000008003f6c                strncmp
 *(.glue_7)
 .glue_7        0x0000000008003f90        0x0 linker stubs
 *(.glue_7t)
 .glue_7t       0x0000000008003f90        0x0 linker stubs
 *(.eh_frame)
 .eh_frame      0x0000000008003f90        0x0 c:/st/stm32cubeide_1.5.0/stm32cubeide/plugins/com.st.stm32cube.ide.mcu.externaltools.gnu-tools-for-stm32.9-2020-q2-update.win32_1.5.0.202011040924/tools/bin/../lib/gcc/arm-none-eabi/9.3.1/thumb/v7e-m+fp/hard/crtbegin.o
 *(.init)
 .init          0x0000000008003f90        0x4 c:/st/stm32cubeide_1.5.0/stm32cubeide/plugins/com.st.stm32cube.ide.mcu.externaltools.gnu-tools-for-stm32.9-2020-q2-update.win32_1.5.0.202011040924/tools/bin/../lib/gcc/arm-none-eabi/9.3.1/thumb/v7e-m+fp/hard/crti.o
                0x0000000008003f90                _init
 .init          0x0000000008003f94        0x8 c:/st/stm32cubeide_1.5.0/stm32cubeide/plugins/com.st.stm32cube.ide.mcu.externaltools.gnu-tools-for-stm32.9-2020-q2-update.win32_1.5.0.202011040924/tools/bin/../lib/gcc/arm-none-eabi/9.3.1/thumb/v7e-m+fp/hard/crtn.o
 *(.fini)
 .fini          0x0000000008003f9c        0x4 c:/st/stm32cubeide_1.5.0/stm32cubeide/plugins/com.st.stm32cube.ide.mcu.externaltools.gnu-tools-for-stm32.9-2020-q2-update.win32_1.5.0.202011040924/tools/bin/../lib/gcc/arm-none-eabi/9.3.1/thumb/v7e-m+fp/hard/crti.o
                0x0000000008003f9c                _fini
 .fini          0x0000000008003fa0        0x8 c:/st/stm32cubeide_1.5.0/stm32cubeide/plugins/com.st.stm32cube.ide.mcu.externaltools.gnu-tools-for-stm32.9-2020-q2-update.win32_1.5.0.202011040924/tools/bin/../lib/gcc/arm-none-eabi/9.3.1/thumb/v7e-m+fp/hard/crtn.o
                0x0000000008003fa8                . = ALIGN (0x4)
                0x0000000008003fa8                _etext = .

.vfp11_veneer   0x0000000008003fa8        0x0
 .vfp11_veneer  0x0000000008003fa8        0x0 linker stubs

.v4_bx          0x0000000008003fa8        0x0
 .v4_bx         0x0000000008003fa8        0x0 linker stubs

.iplt           0x0000000008003fa8        0x0
 .iplt          0x0000000008003fa8        0x0 c:/st/stm32cubeide_1.5.0/stm32cubeide/plugins/com.st.stm32cube.ide.mcu.externaltools.gnu-tools-for-stm32.9-2020-q2-update.win32_1.5.0.202011040924/tools/bin/../lib/gcc/arm-none-eabi/9.3.1/thumb/v7e-m+fp/hard/crtbegin.o

.rodata         0x0000000008003fa8      0x184
                0x0000000008003fa8                . = ALIGN (0x4)
 *(.rodata)
 .rodata        0x0000000008003fa8       0xbb Core/Src/main.o
 *fill*         0x0000000008004063        0x1 
 .rodata        0x0000000008004064       0xa2 Core/Src/silm800l.o
 *(.rodata*)
 *fill*         0x0000000008004106        0x2 
 .rodata.send_msg
                0x0000000008004108        0x5 Core/Src/main.o
                0x0000000008004108                send_msg
 *fill*         0x000000000800410d        0x3 
 .rodata.NL_msg
                0x0000000008004110        0x3 Core/Src/main.o
                0x0000000008004110                NL_msg
 *fill*         0x0000000008004113        0x1 
 .rodata.AHBPrescTable
                0x0000000008004114       0x10 Core/Src/system_stm32f4xx.o
                0x0000000008004114                AHBPrescTable
 .rodata.APBPrescTable
                0x0000000008004124        0x8 Core/Src/system_stm32f4xx.o
                0x0000000008004124                APBPrescTable
                0x000000000800412c                . = ALIGN (0x4)

.ARM.extab      0x000000000800412c        0x0
                0x000000000800412c                . = ALIGN (0x4)
 *(.ARM.extab* .gnu.linkonce.armextab.*)
                0x000000000800412c                . = ALIGN (0x4)

.ARM            0x000000000800412c        0x8
                0x000000000800412c                . = ALIGN (0x4)
                0x000000000800412c                __exidx_start = .
 *(.ARM.exidx*)
 .ARM.exidx     0x000000000800412c        0x8 c:/st/stm32cubeide_1.5.0/stm32cubeide/plugins/com.st.stm32cube.ide.mcu.externaltools.gnu-tools-for-stm32.9-2020-q2-update.win32_1.5.0.202011040924/tools/bin/../lib/gcc/arm-none-eabi/9.3.1/thumb/v7e-m+fp/hard\libgcc.a(_udivmoddi4.o)
                0x0000000008004134                __exidx_end = .
                0x0000000008004134                . = ALIGN (0x4)

.rel.dyn        0x0000000008004134        0x0
 .rel.iplt      0x0000000008004134        0x0 c:/st/stm32cubeide_1.5.0/stm32cubeide/plugins/com.st.stm32cube.ide.mcu.externaltools.gnu-tools-for-stm32.9-2020-q2-update.win32_1.5.0.202011040924/tools/bin/../lib/gcc/arm-none-eabi/9.3.1/thumb/v7e-m+fp/hard/crtbegin.o

.preinit_array  0x0000000008004134        0x0
                0x0000000008004134                . = ALIGN (0x4)
                0x0000000008004134                PROVIDE (__preinit_array_start = .)
 *(.preinit_array*)
                0x0000000008004134                PROVIDE (__preinit_array_end = .)
                0x0000000008004134                . = ALIGN (0x4)

.init_array     0x0000000008004134        0x4
                0x0000000008004134                . = ALIGN (0x4)
                0x0000000008004134                PROVIDE (__init_array_start = .)
 *(SORT_BY_NAME(.init_array.*))
 *(.init_array*)
 .init_array    0x0000000008004134        0x4 c:/st/stm32cubeide_1.5.0/stm32cubeide/plugins/com.st.stm32cube.ide.mcu.externaltools.gnu-tools-for-stm32.9-2020-q2-update.win32_1.5.0.202011040924/tools/bin/../lib/gcc/arm-none-eabi/9.3.1/thumb/v7e-m+fp/hard/crtbegin.o
                0x0000000008004138                PROVIDE (__init_array_end = .)
                0x0000000008004138                . = ALIGN (0x4)

.fini_array     0x0000000008004138        0x4
                0x0000000008004138                . = ALIGN (0x4)
                [!provide]                        PROVIDE (__fini_array_start = .)
 *(SORT_BY_NAME(.fini_array.*))
 *(.fini_array*)
 .fini_array    0x0000000008004138        0x4 c:/st/stm32cubeide_1.5.0/stm32cubeide/plugins/com.st.stm32cube.ide.mcu.externaltools.gnu-tools-for-stm32.9-2020-q2-update.win32_1.5.0.202011040924/tools/bin/../lib/gcc/arm-none-eabi/9.3.1/thumb/v7e-m+fp/hard/crtbegin.o
                [!provide]                        PROVIDE (__fini_array_end = .)
                0x000000000800413c                . = ALIGN (0x4)
                0x000000000800413c                _sidata = LOADADDR (.data)

.data           0x0000000020000000       0x38 load address 0x000000000800413c
                0x0000000020000000                . = ALIGN (0x4)
                0x0000000020000000                _sdata = .
 *(.data)
 *(.data*)
 .data.sim800l_toggle_led_sms_cmnd
                0x0000000020000000        0x4 Core/Src/main.o
                0x0000000020000000                sim800l_toggle_led_sms_cmnd
 .data.auto_baud_init_cmd
                0x0000000020000004        0x4 Core/Src/silm800l.o
 .data.check_sms_sending_fromat
                0x0000000020000008        0x4 Core/Src/silm800l.o
 .data.enable_command_echo
                0x000000002000000c        0x4 Core/Src/silm800l.o
 .data.disable_command_echo
                0x0000000020000010        0x4 Core/Src/silm800l.o
 .data.set_text_mode_cmd
                0x0000000020000014        0x4 Core/Src/silm800l.o
 .data.set_sms_send_format_cmd
                0x0000000020000018        0x4 Core/Src/silm800l.o
 .data.sms_prepare_sending_cmd
                0x000000002000001c        0x4 Core/Src/silm800l.o
 .data.sms_msg  0x0000000020000020        0x4 Core/Src/silm800l.o
 .data.sms_copy_symbol_msg
                0x0000000020000024        0x1 Core/Src/silm800l.o
 *fill*         0x0000000020000025        0x3 
 .data.sms_send_carriage_return
                0x0000000020000028        0x4 Core/Src/silm800l.o
 .data.SystemCoreClock
                0x000000002000002c        0x4 Core/Src/system_stm32f4xx.o
                0x000000002000002c                SystemCoreClock
 .data.uwTickPrio
                0x0000000020000030        0x4 Drivers/STM32F4xx_HAL_Driver/Src/stm32f4xx_hal.o
                0x0000000020000030                uwTickPrio
 .data.uwTickFreq
                0x0000000020000034        0x1 Drivers/STM32F4xx_HAL_Driver/Src/stm32f4xx_hal.o
                0x0000000020000034                uwTickFreq
 *(.RamFunc)
 *(.RamFunc*)
                0x0000000020000038                . = ALIGN (0x4)
 *fill*         0x0000000020000035        0x3 
                0x0000000020000038                _edata = .

.igot.plt       0x0000000020000038        0x0 load address 0x0000000008004174
 .igot.plt      0x0000000020000038        0x0 c:/st/stm32cubeide_1.5.0/stm32cubeide/plugins/com.st.stm32cube.ide.mcu.externaltools.gnu-tools-for-stm32.9-2020-q2-update.win32_1.5.0.202011040924/tools/bin/../lib/gcc/arm-none-eabi/9.3.1/thumb/v7e-m+fp/hard/crtbegin.o
                0x0000000020000038                . = ALIGN (0x4)

.bss            0x0000000020000038      0x2e4 load address 0x0000000008004174
                0x0000000020000038                _sbss = .
                0x0000000020000038                __bss_start__ = _sbss
 *(.bss)
 .bss           0x0000000020000038       0x1c c:/st/stm32cubeide_1.5.0/stm32cubeide/plugins/com.st.stm32cube.ide.mcu.externaltools.gnu-tools-for-stm32.9-2020-q2-update.win32_1.5.0.202011040924/tools/bin/../lib/gcc/arm-none-eabi/9.3.1/thumb/v7e-m+fp/hard/crtbegin.o
 *(.bss*)
 .bss.count     0x0000000020000054        0x2 Core/Src/main.o
                0x0000000020000054                count
 .bss.count_uart1
                0x0000000020000056        0x2 Core/Src/main.o
                0x0000000020000056                count_uart1
 .bss.count_useless
                0x0000000020000058        0x2 Core/Src/main.o
                0x0000000020000058                count_useless
 .bss.cnt_main  0x000000002000005a        0x2 Core/Src/main.o
                0x000000002000005a                cnt_main
 *(COMMON)
 COMMON         0x000000002000005c      0x2bc Core/Src/main.o
                0x000000002000005c                ptr_to_uart_char_msg
                0x0000000020000060                polling_usart_buffer
                0x000000002000007e                uart1_rcv_buffer
                0x0000000020000080                huart3
                0x00000000200000c4                send_buff
                0x00000000200000c8                uart_rcvd_message
                0x0000000020000160                huart1
                0x00000000200001a4                uart_rcv_buffer
                0x00000000200001a8                uart1_rcvd_msg_char
                0x00000000200001dc                htim1
                0x0000000020000224                usart1_buff_arr
                0x0000000020000228                huart2
                0x000000002000026c                uart1_rcvd_message
                0x0000000020000304                cnt_msg
 COMMON         0x0000000020000318        0x4 Drivers/STM32F4xx_HAL_Driver/Src/stm32f4xx_hal.o
                0x0000000020000318                uwTick
                0x000000002000031c                . = ALIGN (0x4)
                0x000000002000031c                _ebss = .
                0x000000002000031c                __bss_end__ = _ebss

._user_heap_stack
                0x000000002000031c      0x604 load address 0x0000000008004174
                0x0000000020000320                . = ALIGN (0x8)
 *fill*         0x000000002000031c        0x4 
                [!provide]                        PROVIDE (end = .)
                0x0000000020000320                PROVIDE (_end = .)
                0x0000000020000520                . = (. + _Min_Heap_Size)
 *fill*         0x0000000020000320      0x200 
                0x0000000020000920                . = (. + _Min_Stack_Size)
 *fill*         0x0000000020000520      0x400 
                0x0000000020000920                . = ALIGN (0x8)

/DISCARD/
 libc.a(*)
 libm.a(*)
 libgcc.a(*)

.ARM.attributes
                0x0000000000000000       0x30
 *(.ARM.attributes)
 .ARM.attributes
                0x0000000000000000       0x1e c:/st/stm32cubeide_1.5.0/stm32cubeide/plugins/com.st.stm32cube.ide.mcu.externaltools.gnu-tools-for-stm32.9-2020-q2-update.win32_1.5.0.202011040924/tools/bin/../lib/gcc/arm-none-eabi/9.3.1/thumb/v7e-m+fp/hard/crti.o
 .ARM.attributes
                0x000000000000001e       0x34 c:/st/stm32cubeide_1.5.0/stm32cubeide/plugins/com.st.stm32cube.ide.mcu.externaltools.gnu-tools-for-stm32.9-2020-q2-update.win32_1.5.0.202011040924/tools/bin/../lib/gcc/arm-none-eabi/9.3.1/thumb/v7e-m+fp/hard/crtbegin.o
 .ARM.attributes
                0x0000000000000052       0x34 Core/Src/main.o
 .ARM.attributes
                0x0000000000000086       0x34 Core/Src/silm800l.o
 .ARM.attributes
                0x00000000000000ba       0x34 Core/Src/stm32f4xx_hal_msp.o
 .ARM.attributes
                0x00000000000000ee       0x34 Core/Src/stm32f4xx_it.o
 .ARM.attributes
                0x0000000000000122       0x34 Core/Src/system_stm32f4xx.o
 .ARM.attributes
                0x0000000000000156       0x21 Core/Startup/startup_stm32f446retx.o
 .ARM.attributes
                0x0000000000000177       0x34 Drivers/STM32F4xx_HAL_Driver/Src/stm32f4xx_hal.o
 .ARM.attributes
                0x00000000000001ab       0x34 Drivers/STM32F4xx_HAL_Driver/Src/stm32f4xx_hal_cortex.o
 .ARM.attributes
                0x00000000000001df       0x34 Drivers/STM32F4xx_HAL_Driver/Src/stm32f4xx_hal_dma.o
 .ARM.attributes
                0x0000000000000213       0x34 Drivers/STM32F4xx_HAL_Driver/Src/stm32f4xx_hal_gpio.o
 .ARM.attributes
                0x0000000000000247       0x34 Drivers/STM32F4xx_HAL_Driver/Src/stm32f4xx_hal_rcc.o
 .ARM.attributes
                0x000000000000027b       0x34 Drivers/STM32F4xx_HAL_Driver/Src/stm32f4xx_hal_rcc_ex.o
 .ARM.attributes
                0x00000000000002af       0x34 Drivers/STM32F4xx_HAL_Driver/Src/stm32f4xx_hal_tim.o
 .ARM.attributes
                0x00000000000002e3       0x34 Drivers/STM32F4xx_HAL_Driver/Src/stm32f4xx_hal_tim_ex.o
 .ARM.attributes
                0x0000000000000317       0x34 Drivers/STM32F4xx_HAL_Driver/Src/stm32f4xx_hal_uart.o
 .ARM.attributes
                0x000000000000034b       0x34 c:/st/stm32cubeide_1.5.0/stm32cubeide/plugins/com.st.stm32cube.ide.mcu.externaltools.gnu-tools-for-stm32.9-2020-q2-update.win32_1.5.0.202011040924/tools/bin/../lib/gcc/arm-none-eabi/9.3.1/../../../../arm-none-eabi/lib/thumb/v7e-m+fp/hard\libc_nano.a(lib_a-init.o)
 .ARM.attributes
                0x000000000000037f       0x34 c:/st/stm32cubeide_1.5.0/stm32cubeide/plugins/com.st.stm32cube.ide.mcu.externaltools.gnu-tools-for-stm32.9-2020-q2-update.win32_1.5.0.202011040924/tools/bin/../lib/gcc/arm-none-eabi/9.3.1/../../../../arm-none-eabi/lib/thumb/v7e-m+fp/hard\libc_nano.a(lib_a-memset.o)
 .ARM.attributes
                0x00000000000003b3       0x17 c:/st/stm32cubeide_1.5.0/stm32cubeide/plugins/com.st.stm32cube.ide.mcu.externaltools.gnu-tools-for-stm32.9-2020-q2-update.win32_1.5.0.202011040924/tools/bin/../lib/gcc/arm-none-eabi/9.3.1/../../../../arm-none-eabi/lib/thumb/v7e-m+fp/hard\libc_nano.a(lib_a-strlen.o)
 .ARM.attributes
                0x00000000000003ca       0x34 c:/st/stm32cubeide_1.5.0/stm32cubeide/plugins/com.st.stm32cube.ide.mcu.externaltools.gnu-tools-for-stm32.9-2020-q2-update.win32_1.5.0.202011040924/tools/bin/../lib/gcc/arm-none-eabi/9.3.1/../../../../arm-none-eabi/lib/thumb/v7e-m+fp/hard\libc_nano.a(lib_a-strncmp.o)
 .ARM.attributes
                0x00000000000003fe       0x1e c:/st/stm32cubeide_1.5.0/stm32cubeide/plugins/com.st.stm32cube.ide.mcu.externaltools.gnu-tools-for-stm32.9-2020-q2-update.win32_1.5.0.202011040924/tools/bin/../lib/gcc/arm-none-eabi/9.3.1/thumb/v7e-m+fp/hard\libgcc.a(_aeabi_uldivmod.o)
 .ARM.attributes
                0x000000000000041c       0x34 c:/st/stm32cubeide_1.5.0/stm32cubeide/plugins/com.st.stm32cube.ide.mcu.externaltools.gnu-tools-for-stm32.9-2020-q2-update.win32_1.5.0.202011040924/tools/bin/../lib/gcc/arm-none-eabi/9.3.1/thumb/v7e-m+fp/hard\libgcc.a(_udivmoddi4.o)
 .ARM.attributes
                0x0000000000000450       0x1e c:/st/stm32cubeide_1.5.0/stm32cubeide/plugins/com.st.stm32cube.ide.mcu.externaltools.gnu-tools-for-stm32.9-2020-q2-update.win32_1.5.0.202011040924/tools/bin/../lib/gcc/arm-none-eabi/9.3.1/thumb/v7e-m+fp/hard\libgcc.a(_dvmd_tls.o)
 .ARM.attributes
                0x000000000000046e       0x1e c:/st/stm32cubeide_1.5.0/stm32cubeide/plugins/com.st.stm32cube.ide.mcu.externaltools.gnu-tools-for-stm32.9-2020-q2-update.win32_1.5.0.202011040924/tools/bin/../lib/gcc/arm-none-eabi/9.3.1/thumb/v7e-m+fp/hard/crtn.o
OUTPUT(GSM_Module.elf elf32-littlearm)
LOAD linker stubs
LOAD c:/st/stm32cubeide_1.5.0/stm32cubeide/plugins/com.st.stm32cube.ide.mcu.externaltools.gnu-tools-for-stm32.9-2020-q2-update.win32_1.5.0.202011040924/tools/bin/../lib/gcc/arm-none-eabi/9.3.1/../../../../arm-none-eabi/lib/thumb/v7e-m+fp/hard\libc.a
LOAD c:/st/stm32cubeide_1.5.0/stm32cubeide/plugins/com.st.stm32cube.ide.mcu.externaltools.gnu-tools-for-stm32.9-2020-q2-update.win32_1.5.0.202011040924/tools/bin/../lib/gcc/arm-none-eabi/9.3.1/../../../../arm-none-eabi/lib/thumb/v7e-m+fp/hard\libm.a
LOAD c:/st/stm32cubeide_1.5.0/stm32cubeide/plugins/com.st.stm32cube.ide.mcu.externaltools.gnu-tools-for-stm32.9-2020-q2-update.win32_1.5.0.202011040924/tools/bin/../lib/gcc/arm-none-eabi/9.3.1/thumb/v7e-m+fp/hard\libgcc.a

.debug_info     0x0000000000000000    0x10549
 .debug_info    0x0000000000000000     0x2154 Core/Src/main.o
 .debug_info    0x0000000000002154     0x1233 Core/Src/silm800l.o
 .debug_info    0x0000000000003387     0x10e6 Core/Src/stm32f4xx_hal_msp.o
 .debug_info    0x000000000000446d      0x75b Core/Src/stm32f4xx_it.o
 .debug_info    0x0000000000004bc8      0x5dc Core/Src/system_stm32f4xx.o
 .debug_info    0x00000000000051a4       0x22 Core/Startup/startup_stm32f446retx.o
 .debug_info    0x00000000000051c6      0xa08 Drivers/STM32F4xx_HAL_Driver/Src/stm32f4xx_hal.o
 .debug_info    0x0000000000005bce      0xef5 Drivers/STM32F4xx_HAL_Driver/Src/stm32f4xx_hal_cortex.o
 .debug_info    0x0000000000006ac3      0x9f1 Drivers/STM32F4xx_HAL_Driver/Src/stm32f4xx_hal_dma.o
 .debug_info    0x00000000000074b4      0x892 Drivers/STM32F4xx_HAL_Driver/Src/stm32f4xx_hal_gpio.o
 .debug_info    0x0000000000007d46      0x9db Drivers/STM32F4xx_HAL_Driver/Src/stm32f4xx_hal_rcc.o
 .debug_info    0x0000000000008721      0xa86 Drivers/STM32F4xx_HAL_Driver/Src/stm32f4xx_hal_rcc_ex.o
 .debug_info    0x00000000000091a7     0x2c22 Drivers/STM32F4xx_HAL_Driver/Src/stm32f4xx_hal_tim.o
 .debug_info    0x000000000000bdc9     0x15a2 Drivers/STM32F4xx_HAL_Driver/Src/stm32f4xx_hal_tim_ex.o
 .debug_info    0x000000000000d36b     0x31de Drivers/STM32F4xx_HAL_Driver/Src/stm32f4xx_hal_uart.o

.debug_abbrev   0x0000000000000000     0x1f14
 .debug_abbrev  0x0000000000000000      0x2f9 Core/Src/main.o
 .debug_abbrev  0x00000000000002f9      0x204 Core/Src/silm800l.o
 .debug_abbrev  0x00000000000004fd      0x1e4 Core/Src/stm32f4xx_hal_msp.o
 .debug_abbrev  0x00000000000006e1      0x163 Core/Src/stm32f4xx_it.o
 .debug_abbrev  0x0000000000000844      0x145 Core/Src/system_stm32f4xx.o
 .debug_abbrev  0x0000000000000989       0x12 Core/Startup/startup_stm32f446retx.o
 .debug_abbrev  0x000000000000099b      0x1ed Drivers/STM32F4xx_HAL_Driver/Src/stm32f4xx_hal.o
 .debug_abbrev  0x0000000000000b88      0x33c Drivers/STM32F4xx_HAL_Driver/Src/stm32f4xx_hal_cortex.o
 .debug_abbrev  0x0000000000000ec4      0x259 Drivers/STM32F4xx_HAL_Driver/Src/stm32f4xx_hal_dma.o
 .debug_abbrev  0x000000000000111d      0x1f1 Drivers/STM32F4xx_HAL_Driver/Src/stm32f4xx_hal_gpio.o
 .debug_abbrev  0x000000000000130e      0x275 Drivers/STM32F4xx_HAL_Driver/Src/stm32f4xx_hal_rcc.o
 .debug_abbrev  0x0000000000001583      0x1e2 Drivers/STM32F4xx_HAL_Driver/Src/stm32f4xx_hal_rcc_ex.o
 .debug_abbrev  0x0000000000001765      0x25e Drivers/STM32F4xx_HAL_Driver/Src/stm32f4xx_hal_tim.o
 .debug_abbrev  0x00000000000019c3      0x266 Drivers/STM32F4xx_HAL_Driver/Src/stm32f4xx_hal_tim_ex.o
 .debug_abbrev  0x0000000000001c29      0x2eb Drivers/STM32F4xx_HAL_Driver/Src/stm32f4xx_hal_uart.o

.debug_aranges  0x0000000000000000      0xd20
 .debug_aranges
                0x0000000000000000       0x78 Core/Src/main.o
 .debug_aranges
                0x0000000000000078       0x68 Core/Src/silm800l.o
 .debug_aranges
                0x00000000000000e0       0x48 Core/Src/stm32f4xx_hal_msp.o
 .debug_aranges
                0x0000000000000128       0x80 Core/Src/stm32f4xx_it.o
 .debug_aranges
                0x00000000000001a8       0x28 Core/Src/system_stm32f4xx.o
 .debug_aranges
                0x00000000000001d0       0x28 Core/Startup/startup_stm32f446retx.o
 .debug_aranges
                0x00000000000001f8       0xf0 Drivers/STM32F4xx_HAL_Driver/Src/stm32f4xx_hal.o
 .debug_aranges
                0x00000000000002e8      0x118 Drivers/STM32F4xx_HAL_Driver/Src/stm32f4xx_hal_cortex.o
 .debug_aranges
                0x0000000000000400       0x90 Drivers/STM32F4xx_HAL_Driver/Src/stm32f4xx_hal_dma.o
 .debug_aranges
                0x0000000000000490       0x58 Drivers/STM32F4xx_HAL_Driver/Src/stm32f4xx_hal_gpio.o
 .debug_aranges
                0x00000000000004e8       0x88 Drivers/STM32F4xx_HAL_Driver/Src/stm32f4xx_hal_rcc.o
 .debug_aranges
                0x0000000000000570       0x78 Drivers/STM32F4xx_HAL_Driver/Src/stm32f4xx_hal_rcc_ex.o
 .debug_aranges
                0x00000000000005e8      0x3d0 Drivers/STM32F4xx_HAL_Driver/Src/stm32f4xx_hal_tim.o
 .debug_aranges
                0x00000000000009b8      0x168 Drivers/STM32F4xx_HAL_Driver/Src/stm32f4xx_hal_tim_ex.o
 .debug_aranges
                0x0000000000000b20      0x200 Drivers/STM32F4xx_HAL_Driver/Src/stm32f4xx_hal_uart.o

.debug_ranges   0x0000000000000000      0xc68
 .debug_ranges  0x0000000000000000       0x68 Core/Src/main.o
 .debug_ranges  0x0000000000000068       0x58 Core/Src/silm800l.o
 .debug_ranges  0x00000000000000c0       0x38 Core/Src/stm32f4xx_hal_msp.o
 .debug_ranges  0x00000000000000f8       0x70 Core/Src/stm32f4xx_it.o
 .debug_ranges  0x0000000000000168       0x18 Core/Src/system_stm32f4xx.o
 .debug_ranges  0x0000000000000180       0x20 Core/Startup/startup_stm32f446retx.o
 .debug_ranges  0x00000000000001a0       0xe0 Drivers/STM32F4xx_HAL_Driver/Src/stm32f4xx_hal.o
 .debug_ranges  0x0000000000000280      0x108 Drivers/STM32F4xx_HAL_Driver/Src/stm32f4xx_hal_cortex.o
 .debug_ranges  0x0000000000000388       0x80 Drivers/STM32F4xx_HAL_Driver/Src/stm32f4xx_hal_dma.o
 .debug_ranges  0x0000000000000408       0x48 Drivers/STM32F4xx_HAL_Driver/Src/stm32f4xx_hal_gpio.o
 .debug_ranges  0x0000000000000450       0x78 Drivers/STM32F4xx_HAL_Driver/Src/stm32f4xx_hal_rcc.o
 .debug_ranges  0x00000000000004c8       0x68 Drivers/STM32F4xx_HAL_Driver/Src/stm32f4xx_hal_rcc_ex.o
 .debug_ranges  0x0000000000000530      0x3c0 Drivers/STM32F4xx_HAL_Driver/Src/stm32f4xx_hal_tim.o
 .debug_ranges  0x00000000000008f0      0x158 Drivers/STM32F4xx_HAL_Driver/Src/stm32f4xx_hal_tim_ex.o
 .debug_ranges  0x0000000000000a48      0x220 Drivers/STM32F4xx_HAL_Driver/Src/stm32f4xx_hal_uart.o

.debug_macro    0x0000000000000000    0x21f57
 .debug_macro   0x0000000000000000      0x381 Core/Src/main.o
 .debug_macro   0x0000000000000381      0xaa8 Core/Src/main.o
 .debug_macro   0x0000000000000e29      0x29b Core/Src/main.o
 .debug_macro   0x00000000000010c4       0x2e Core/Src/main.o
 .debug_macro   0x00000000000010f2       0x28 Core/Src/main.o
 .debug_macro   0x000000000000111a       0x22 Core/Src/main.o
 .debug_macro   0x000000000000113c       0x8e Core/Src/main.o
 .debug_macro   0x00000000000011ca       0x51 Core/Src/main.o
 .debug_macro   0x000000000000121b      0x103 Core/Src/main.o
 .debug_macro   0x000000000000131e       0x6a Core/Src/main.o
 .debug_macro   0x0000000000001388      0x1df Core/Src/main.o
 .debug_macro   0x0000000000001567       0x1c Core/Src/main.o
 .debug_macro   0x0000000000001583       0x22 Core/Src/main.o
 .debug_macro   0x00000000000015a5       0xdf Core/Src/main.o
 .debug_macro   0x0000000000001684     0x102d Core/Src/main.o
 .debug_macro   0x00000000000026b1      0x11f Core/Src/main.o
 .debug_macro   0x00000000000027d0    0x16749 Core/Src/main.o
 .debug_macro   0x0000000000018f19       0x6d Core/Src/main.o
 .debug_macro   0x0000000000018f86     0x3666 Core/Src/main.o
 .debug_macro   0x000000000001c5ec      0x174 Core/Src/main.o
 .debug_macro   0x000000000001c760       0x5c Core/Src/main.o
 .debug_macro   0x000000000001c7bc      0xc90 Core/Src/main.o
 .debug_macro   0x000000000001d44c      0x9fe Core/Src/main.o
 .debug_macro   0x000000000001de4a      0x116 Core/Src/main.o
 .debug_macro   0x000000000001df60      0x1a0 Core/Src/main.o
 .debug_macro   0x000000000001e100       0xa5 Core/Src/main.o
 .debug_macro   0x000000000001e1a5      0x16d Core/Src/main.o
 .debug_macro   0x000000000001e312      0x287 Core/Src/main.o
 .debug_macro   0x000000000001e599       0x5f Core/Src/main.o
 .debug_macro   0x000000000001e5f8      0x236 Core/Src/main.o
 .debug_macro   0x000000000001e82e      0x132 Core/Src/main.o
 .debug_macro   0x000000000001e960      0x29c Core/Src/main.o
 .debug_macro   0x000000000001ebfc       0x2e Core/Src/main.o
 .debug_macro   0x000000000001ec2a      0x11a Core/Src/main.o
 .debug_macro   0x000000000001ed44       0xe8 Core/Src/main.o
 .debug_macro   0x000000000001ee2c       0x89 Core/Src/main.o
 .debug_macro   0x000000000001eeb5      0x8d1 Core/Src/main.o
 .debug_macro   0x000000000001f786       0x4d Core/Src/main.o
 .debug_macro   0x000000000001f7d3      0x295 Core/Src/main.o
 .debug_macro   0x000000000001fa68      0x126 Core/Src/main.o
 .debug_macro   0x000000000001fb8e       0x52 Core/Src/main.o
 .debug_macro   0x000000000001fbe0       0x18 Core/Src/main.o
 .debug_macro   0x000000000001fbf8       0x3c Core/Src/main.o
 .debug_macro   0x000000000001fc34       0x34 Core/Src/main.o
 .debug_macro   0x000000000001fc68       0x16 Core/Src/main.o
 .debug_macro   0x000000000001fc7e       0x43 Core/Src/main.o
 .debug_macro   0x000000000001fcc1       0x34 Core/Src/main.o
 .debug_macro   0x000000000001fcf5       0x10 Core/Src/main.o
 .debug_macro   0x000000000001fd05       0x58 Core/Src/main.o
 .debug_macro   0x000000000001fd5d       0x71 Core/Src/main.o
 .debug_macro   0x000000000001fdce       0x1c Core/Src/main.o
 .debug_macro   0x000000000001fdea      0x12a Core/Src/main.o
 .debug_macro   0x000000000001ff14      0x333 Core/Src/main.o
 .debug_macro   0x0000000000020247       0x10 Core/Src/main.o
 .debug_macro   0x0000000000020257       0x35 Core/Src/main.o
 .debug_macro   0x000000000002028c       0x20 Core/Src/main.o
 .debug_macro   0x00000000000202ac       0x1c Core/Src/main.o
 .debug_macro   0x00000000000202c8       0x10 Core/Src/main.o
 .debug_macro   0x00000000000202d8       0x10 Core/Src/main.o
 .debug_macro   0x00000000000202e8       0x1c Core/Src/main.o
 .debug_macro   0x0000000000020304       0x52 Core/Src/main.o
 .debug_macro   0x0000000000020356       0x22 Core/Src/main.o
 .debug_macro   0x0000000000020378       0x10 Core/Src/main.o
 .debug_macro   0x0000000000020388       0x40 Core/Src/main.o
 .debug_macro   0x00000000000203c8       0xd5 Core/Src/main.o
 .debug_macro   0x000000000002049d       0x1c Core/Src/main.o
 .debug_macro   0x00000000000204b9       0x3d Core/Src/main.o
 .debug_macro   0x00000000000204f6       0x16 Core/Src/main.o
 .debug_macro   0x000000000002050c      0x145 Core/Src/main.o
 .debug_macro   0x0000000000020651      0x2ae Core/Src/silm800l.o
 .debug_macro   0x00000000000208ff      0x1d8 Core/Src/stm32f4xx_hal_msp.o
 .debug_macro   0x0000000000020ad7      0x1e2 Core/Src/stm32f4xx_it.o
 .debug_macro   0x0000000000020cb9      0x1ce Core/Src/system_stm32f4xx.o
 .debug_macro   0x0000000000020e87      0x22e Drivers/STM32F4xx_HAL_Driver/Src/stm32f4xx_hal.o
 .debug_macro   0x00000000000210b5      0x1ce Drivers/STM32F4xx_HAL_Driver/Src/stm32f4xx_hal_cortex.o
 .debug_macro   0x0000000000021283      0x1d4 Drivers/STM32F4xx_HAL_Driver/Src/stm32f4xx_hal_dma.o
 .debug_macro   0x0000000000021457      0x1d4 Drivers/STM32F4xx_HAL_Driver/Src/stm32f4xx_hal_gpio.o
 .debug_macro   0x000000000002162b      0x1f2 Drivers/STM32F4xx_HAL_Driver/Src/stm32f4xx_hal_rcc.o
 .debug_macro   0x000000000002181d      0x1ce Drivers/STM32F4xx_HAL_Driver/Src/stm32f4xx_hal_rcc_ex.o
 .debug_macro   0x00000000000219eb      0x1cf Drivers/STM32F4xx_HAL_Driver/Src/stm32f4xx_hal_tim.o
 .debug_macro   0x0000000000021bba      0x1ce Drivers/STM32F4xx_HAL_Driver/Src/stm32f4xx_hal_tim_ex.o
 .debug_macro   0x0000000000021d88      0x1cf Drivers/STM32F4xx_HAL_Driver/Src/stm32f4xx_hal_uart.o

.debug_line     0x0000000000000000     0xf90b
 .debug_line    0x0000000000000000      0xc8a Core/Src/main.o
 .debug_line    0x0000000000000c8a      0x956 Core/Src/silm800l.o
 .debug_line    0x00000000000015e0      0x7d6 Core/Src/stm32f4xx_hal_msp.o
 .debug_line    0x0000000000001db6      0x7e9 Core/Src/stm32f4xx_it.o
 .debug_line    0x000000000000259f      0x748 Core/Src/system_stm32f4xx.o
 .debug_line    0x0000000000002ce7       0x88 Core/Startup/startup_stm32f446retx.o
 .debug_line    0x0000000000002d6f      0x9ae Drivers/STM32F4xx_HAL_Driver/Src/stm32f4xx_hal.o
 .debug_line    0x000000000000371d      0xc5d Drivers/STM32F4xx_HAL_Driver/Src/stm32f4xx_hal_cortex.o
 .debug_line    0x000000000000437a      0xf13 Drivers/STM32F4xx_HAL_Driver/Src/stm32f4xx_hal_dma.o
 .debug_line    0x000000000000528d      0xb10 Drivers/STM32F4xx_HAL_Driver/Src/stm32f4xx_hal_gpio.o
 .debug_line    0x0000000000005d9d      0xd34 Drivers/STM32F4xx_HAL_Driver/Src/stm32f4xx_hal_rcc.o
 .debug_line    0x0000000000006ad1     0x13b8 Drivers/STM32F4xx_HAL_Driver/Src/stm32f4xx_hal_rcc_ex.o
 .debug_line    0x0000000000007e89     0x36a2 Drivers/STM32F4xx_HAL_Driver/Src/stm32f4xx_hal_tim.o
 .debug_line    0x000000000000b52b     0x19ab Drivers/STM32F4xx_HAL_Driver/Src/stm32f4xx_hal_tim_ex.o
 .debug_line    0x000000000000ced6     0x2a35 Drivers/STM32F4xx_HAL_Driver/Src/stm32f4xx_hal_uart.o

.debug_str      0x0000000000000000    0xd0f5c
 .debug_str     0x0000000000000000    0xce13e Core/Src/main.o
                                      0xce57a (size before relaxing)
 .debug_str     0x00000000000ce13e       0xdf Core/Src/silm800l.o
                                      0xcc7e2 (size before relaxing)
 .debug_str     0x00000000000ce21d       0x9f Core/Src/stm32f4xx_hal_msp.o
                                      0xc9de1 (size before relaxing)
 .debug_str     0x00000000000ce2bc      0x108 Core/Src/stm32f4xx_it.o
                                      0xc94c5 (size before relaxing)
 .debug_str     0x00000000000ce3c4       0xaf Core/Src/system_stm32f4xx.o
                                      0xc9139 (size before relaxing)
 .debug_str     0x00000000000ce473       0x36 Core/Startup/startup_stm32f446retx.o
                                         0x70 (size before relaxing)
 .debug_str     0x00000000000ce4a9      0x58d Drivers/STM32F4xx_HAL_Driver/Src/stm32f4xx_hal.o
                                      0xc9c5c (size before relaxing)
 .debug_str     0x00000000000cea36      0x399 Drivers/STM32F4xx_HAL_Driver/Src/stm32f4xx_hal_cortex.o
                                      0xc9a26 (size before relaxing)
 .debug_str     0x00000000000cedcf      0x31d Drivers/STM32F4xx_HAL_Driver/Src/stm32f4xx_hal_dma.o
                                      0xc953e (size before relaxing)
 .debug_str     0x00000000000cf0ec      0x13f Drivers/STM32F4xx_HAL_Driver/Src/stm32f4xx_hal_gpio.o
                                      0xc92e0 (size before relaxing)
 .debug_str     0x00000000000cf22b      0x259 Drivers/STM32F4xx_HAL_Driver/Src/stm32f4xx_hal_rcc.o
                                      0xc9540 (size before relaxing)
 .debug_str     0x00000000000cf484      0x324 Drivers/STM32F4xx_HAL_Driver/Src/stm32f4xx_hal_rcc_ex.o
                                      0xc959d (size before relaxing)
 .debug_str     0x00000000000cf7a8      0xd86 Drivers/STM32F4xx_HAL_Driver/Src/stm32f4xx_hal_tim.o
                                      0xca443 (size before relaxing)
 .debug_str     0x00000000000d052e      0x45a Drivers/STM32F4xx_HAL_Driver/Src/stm32f4xx_hal_tim_ex.o
                                      0xc9bf4 (size before relaxing)
 .debug_str     0x00000000000d0988      0x5d4 Drivers/STM32F4xx_HAL_Driver/Src/stm32f4xx_hal_uart.o
                                      0xc9a9c (size before relaxing)

.comment        0x0000000000000000       0x53
 .comment       0x0000000000000000       0x53 Core/Src/main.o
                                         0x54 (size before relaxing)
 .comment       0x0000000000000053       0x54 Core/Src/silm800l.o
 .comment       0x0000000000000053       0x54 Core/Src/stm32f4xx_hal_msp.o
 .comment       0x0000000000000053       0x54 Core/Src/stm32f4xx_it.o
 .comment       0x0000000000000053       0x54 Core/Src/system_stm32f4xx.o
 .comment       0x0000000000000053       0x54 Drivers/STM32F4xx_HAL_Driver/Src/stm32f4xx_hal.o
 .comment       0x0000000000000053       0x54 Drivers/STM32F4xx_HAL_Driver/Src/stm32f4xx_hal_cortex.o
 .comment       0x0000000000000053       0x54 Drivers/STM32F4xx_HAL_Driver/Src/stm32f4xx_hal_dma.o
 .comment       0x0000000000000053       0x54 Drivers/STM32F4xx_HAL_Driver/Src/stm32f4xx_hal_gpio.o
 .comment       0x0000000000000053       0x54 Drivers/STM32F4xx_HAL_Driver/Src/stm32f4xx_hal_rcc.o
 .comment       0x0000000000000053       0x54 Drivers/STM32F4xx_HAL_Driver/Src/stm32f4xx_hal_rcc_ex.o
 .comment       0x0000000000000053       0x54 Drivers/STM32F4xx_HAL_Driver/Src/stm32f4xx_hal_tim.o
 .comment       0x0000000000000053       0x54 Drivers/STM32F4xx_HAL_Driver/Src/stm32f4xx_hal_tim_ex.o
 .comment       0x0000000000000053       0x54 Drivers/STM32F4xx_HAL_Driver/Src/stm32f4xx_hal_uart.o

.debug_frame    0x0000000000000000     0x3744
 .debug_frame   0x0000000000000000      0x198 Core/Src/main.o
 .debug_frame   0x0000000000000198      0x178 Core/Src/silm800l.o
 .debug_frame   0x0000000000000310       0xf4 Core/Src/stm32f4xx_hal_msp.o
 .debug_frame   0x0000000000000404      0x174 Core/Src/stm32f4xx_it.o
 .debug_frame   0x0000000000000578       0x58 Core/Src/system_stm32f4xx.o
 .debug_frame   0x00000000000005d0      0x374 Drivers/STM32F4xx_HAL_Driver/Src/stm32f4xx_hal.o
 .debug_frame   0x0000000000000944      0x498 Drivers/STM32F4xx_HAL_Driver/Src/stm32f4xx_hal_cortex.o
 .debug_frame   0x0000000000000ddc      0x250 Drivers/STM32F4xx_HAL_Driver/Src/stm32f4xx_hal_dma.o
 .debug_frame   0x000000000000102c      0x14c Drivers/STM32F4xx_HAL_Driver/Src/stm32f4xx_hal_gpio.o
 .debug_frame   0x0000000000001178      0x1ec Drivers/STM32F4xx_HAL_Driver/Src/stm32f4xx_hal_rcc.o
 .debug_frame   0x0000000000001364      0x1e4 Drivers/STM32F4xx_HAL_Driver/Src/stm32f4xx_hal_rcc_ex.o
 .debug_frame   0x0000000000001548     0x11c4 Drivers/STM32F4xx_HAL_Driver/Src/stm32f4xx_hal_tim.o
 .debug_frame   0x000000000000270c      0x638 Drivers/STM32F4xx_HAL_Driver/Src/stm32f4xx_hal_tim_ex.o
 .debug_frame   0x0000000000002d44      0x92c Drivers/STM32F4xx_HAL_Driver/Src/stm32f4xx_hal_uart.o
 .debug_frame   0x0000000000003670       0x2c c:/st/stm32cubeide_1.5.0/stm32cubeide/plugins/com.st.stm32cube.ide.mcu.externaltools.gnu-tools-for-stm32.9-2020-q2-update.win32_1.5.0.202011040924/tools/bin/../lib/gcc/arm-none-eabi/9.3.1/../../../../arm-none-eabi/lib/thumb/v7e-m+fp/hard\libc_nano.a(lib_a-init.o)
 .debug_frame   0x000000000000369c       0x20 c:/st/stm32cubeide_1.5.0/stm32cubeide/plugins/com.st.stm32cube.ide.mcu.externaltools.gnu-tools-for-stm32.9-2020-q2-update.win32_1.5.0.202011040924/tools/bin/../lib/gcc/arm-none-eabi/9.3.1/../../../../arm-none-eabi/lib/thumb/v7e-m+fp/hard\libc_nano.a(lib_a-memset.o)
 .debug_frame   0x00000000000036bc       0x28 c:/st/stm32cubeide_1.5.0/stm32cubeide/plugins/com.st.stm32cube.ide.mcu.externaltools.gnu-tools-for-stm32.9-2020-q2-update.win32_1.5.0.202011040924/tools/bin/../lib/gcc/arm-none-eabi/9.3.1/../../../../arm-none-eabi/lib/thumb/v7e-m+fp/hard\libc_nano.a(lib_a-strncmp.o)
 .debug_frame   0x00000000000036e4       0x2c c:/st/stm32cubeide_1.5.0/stm32cubeide/plugins/com.st.stm32cube.ide.mcu.externaltools.gnu-tools-for-stm32.9-2020-q2-update.win32_1.5.0.202011040924/tools/bin/../lib/gcc/arm-none-eabi/9.3.1/thumb/v7e-m+fp/hard\libgcc.a(_aeabi_uldivmod.o)
 .debug_frame   0x0000000000003710       0x34 c:/st/stm32cubeide_1.5.0/stm32cubeide/plugins/com.st.stm32cube.ide.mcu.externaltools.gnu-tools-for-stm32.9-2020-q2-update.win32_1.5.0.202011040924/tools/bin/../lib/gcc/arm-none-eabi/9.3.1/thumb/v7e-m+fp/hard\libgcc.a(_udivmoddi4.o)
