main.c:107:5:main	8	static
main.c:174:6:SystemClock_Config	88	static
main.c:220:13:MX_TIM2_Init	48	static
main.c:267:13:MX_TIM3_Init	8	static
main.c:290:13:MX_USART1_UART_Init	8	static
main.c:324:13:MX_USART2_UART_Init	8	static
main.c:357:13:MX_GPIO_Init	40	static
main.c:380:6:HAL_UART_RxCpltCallback	24	static
main.c:431:6:HAL_ADC_ConvCpltCallback	32	static
main.c:477:6:HAL_TIM_PeriodElapsedCallback	16	static
main.c:485:13:ADC1_Init	24	static
main.c:528:13:I2C1_INIT	8	static
main.c:552:6:Error_Handler	4	static,ignoring_inline_asm
